  Determining projects to restore...
  All projects are up-to-date for restore.
D:\QuocAnh\2026\01.Project\cic-addin\src\CIC.BIM.Addin.Tools\Services\WallFinishService.cs(57,63): warning CS0618: 'ElementId.IntegerValue' is obsolete: 'This property is deprecated in Revit 2024 and may be removed in a future version of Revit. Please use the Value property instead.' [D:\QuocAnh\2026\01.Project\cic-addin\src\CIC.BIM.Addin.Tools\CIC.BIM.Addin.Tools.csproj::TargetFramework=net48]
D:\QuocAnh\2026\01.Project\cic-addin\src\CIC.BIM.Addin.Tools\Services\FormworkService.cs(84,56): warning CS0618: 'ElementId.IntegerValue' is obsolete: 'This property is deprecated in Revit 2024 and may be removed in a future version of Revit. Please use the Value property instead.' [D:\QuocAnh\2026\01.Project\cic-addin\src\CIC.BIM.Addin.Tools\CIC.BIM.Addin.Tools.csproj::TargetFramework=net48]
D:\QuocAnh\2026\01.Project\cic-addin\src\CIC.BIM.Addin.Tools\Services\FormworkExportService.cs(96,17): error CS0122: 'ParameterType' is inaccessible due to its protection level [D:\QuocAnh\2026\01.Project\cic-addin\src\CIC.BIM.Addin.Tools\CIC.BIM.Addin.Tools.csproj::TargetFramework=net48]
D:\QuocAnh\2026\01.Project\cic-addin\src\CIC.BIM.Addin.Tools\Services\FormworkExportService.cs(126,13): warning CS0618: 'BuiltInParameterGroup' is obsolete: 'This enumeration is deprecated in Revit 2024 and may be removed in a future version of Revit. Please use members of the `GroupTypeId` class instead.' [D:\QuocAnh\2026\01.Project\cic-addin\src\CIC.BIM.Addin.Tools\CIC.BIM.Addin.Tools.csproj::TargetFramework=net48]
D:\QuocAnh\2026\01.Project\cic-addin\src\CIC.BIM.Addin.Tools\Services\FormworkExportService.cs(122,9): warning CS0618: 'BindingMap.Insert(Definition, Binding, BuiltInParameterGroup)' is obsolete: 'This method is deprecated in Revit 2024 and may be removed in a future version of Revit. Please use the `Insert(Definition, Binding, ForgeTypeId)` method instead.' [D:\QuocAnh\2026\01.Project\cic-addin\src\CIC.BIM.Addin.Tools\CIC.BIM.Addin.Tools.csproj::TargetFramework=net48]
D:\QuocAnh\2026\01.Project\cic-addin\src\CIC.BIM.Addin.Tools\Commands\FormworkCommand.cs(145,68): warning CS0618: 'ElementId.IntegerValue' is obsolete: 'This property is deprecated in Revit 2024 and may be removed in a future version of Revit. Please use the Value property instead.' [D:\QuocAnh\2026\01.Project\cic-addin\src\CIC.BIM.Addin.Tools\CIC.BIM.Addin.Tools.csproj::TargetFramework=net48]
D:\QuocAnh\2026\01.Project\cic-addin\src\CIC.BIM.Addin.Tools\Commands\PlasterCommand.cs(135,35): warning CS0618: 'ElementId.IntegerValue' is obsolete: 'This property is deprecated in Revit 2024 and may be removed in a future version of Revit. Please use the Value property instead.' [D:\QuocAnh\2026\01.Project\cic-addin\src\CIC.BIM.Addin.Tools\CIC.BIM.Addin.Tools.csproj::TargetFramework=net48]
D:\QuocAnh\2026\01.Project\cic-addin\src\CIC.BIM.Addin.Tools\Commands\PlasterCommand.cs(171,45): warning CS0618: 'ElementId.IntegerValue' is obsolete: 'This property is deprecated in Revit 2024 and may be removed in a future version of Revit. Please use the Value property instead.' [D:\QuocAnh\2026\01.Project\cic-addin\src\CIC.BIM.Addin.Tools\CIC.BIM.Addin.Tools.csproj::TargetFramework=net48]
D:\QuocAnh\2026\01.Project\cic-addin\src\CIC.BIM.Addin.Tools\Commands\PlasterCommand.cs(174,39): warning CS0618: 'ElementId.IntegerValue' is obsolete: 'This property is deprecated in Revit 2024 and may be removed in a future version of Revit. Please use the Value property instead.' [D:\QuocAnh\2026\01.Project\cic-addin\src\CIC.BIM.Addin.Tools\CIC.BIM.Addin.Tools.csproj::TargetFramework=net48]
D:\QuocAnh\2026\01.Project\cic-addin\src\CIC.BIM.Addin.Tools\Commands\PlasterCommand.cs(176,61): warning CS0618: 'ElementId.IntegerValue' is obsolete: 'This property is deprecated in Revit 2024 and may be removed in a future version of Revit. Please use the Value property instead.' [D:\QuocAnh\2026\01.Project\cic-addin\src\CIC.BIM.Addin.Tools\CIC.BIM.Addin.Tools.csproj::TargetFramework=net48]
D:\QuocAnh\2026\01.Project\cic-addin\src\CIC.BIM.Addin.Tools\Services\FormworkService.cs(222,53): warning CS0618: 'ElementId.IntegerValue' is obsolete: 'This property is deprecated in Revit 2024 and may be removed in a future version of Revit. Please use the Value property instead.' [D:\QuocAnh\2026\01.Project\cic-addin\src\CIC.BIM.Addin.Tools\CIC.BIM.Addin.Tools.csproj::TargetFramework=net48]
D:\QuocAnh\2026\01.Project\cic-addin\src\CIC.BIM.Addin.Tools\Views\FormworkWindow.xaml.cs(88,38): error CS0176: Member 'Visibility.Visible' cannot be accessed with an instance reference; qualify it with a type name instead [D:\QuocAnh\2026\01.Project\cic-addin\src\CIC.BIM.Addin.Tools\CIC.BIM.Addin.Tools.csproj::TargetFramework=net48]
D:\QuocAnh\2026\01.Project\cic-addin\src\CIC.BIM.Addin.Tools\Views\FormworkWindow.xaml.cs(89,34): error CS0176: Member 'Visibility.Visible' cannot be accessed with an instance reference; qualify it with a type name instead [D:\QuocAnh\2026\01.Project\cic-addin\src\CIC.BIM.Addin.Tools\CIC.BIM.Addin.Tools.csproj::TargetFramework=net48]
D:\QuocAnh\2026\01.Project\cic-addin\src\CIC.BIM.Addin.Tools\Services\FormworkExportService.cs(262,37): warning CS0618: 'ElementId.IntegerValue' is obsolete: 'This property is deprecated in Revit 2024 and may be removed in a future version of Revit. Please use the Value property instead.' [D:\QuocAnh\2026\01.Project\cic-addin\src\CIC.BIM.Addin.Tools\CIC.BIM.Addin.Tools.csproj::TargetFramework=net48]
D:\QuocAnh\2026\01.Project\cic-addin\src\CIC.BIM.Addin.Tools\Services\FormworkService.cs(396,35): warning CS0618: 'ElementId.IntegerValue' is obsolete: 'This property is deprecated in Revit 2024 and may be removed in a future version of Revit. Please use the Value property instead.' [D:\QuocAnh\2026\01.Project\cic-addin\src\CIC.BIM.Addin.Tools\CIC.BIM.Addin.Tools.csproj::TargetFramework=net48]
D:\QuocAnh\2026\01.Project\cic-addin\src\CIC.BIM.Addin.Tools\Services\FormworkExportService.cs(338,42): error CS1501: No overload for method 'Contains' takes 2 arguments [D:\QuocAnh\2026\01.Project\cic-addin\src\CIC.BIM.Addin.Tools\CIC.BIM.Addin.Tools.csproj::TargetFramework=net48]
D:\QuocAnh\2026\01.Project\cic-addin\src\CIC.BIM.Addin.Tools\Services\FormworkExportService.cs(352,29): error CS1501: No overload for method 'Contains' takes 2 arguments [D:\QuocAnh\2026\01.Project\cic-addin\src\CIC.BIM.Addin.Tools\CIC.BIM.Addin.Tools.csproj::TargetFramework=net48]

Build FAILED.

D:\QuocAnh\2026\01.Project\cic-addin\src\CIC.BIM.Addin.Tools\Services\WallFinishService.cs(57,63): warning CS0618: 'ElementId.IntegerValue' is obsolete: 'This property is deprecated in Revit 2024 and may be removed in a future version of Revit. Please use the Value property instead.' [D:\QuocAnh\2026\01.Project\cic-addin\src\CIC.BIM.Addin.Tools\CIC.BIM.Addin.Tools.csproj::TargetFramework=net48]
D:\QuocAnh\2026\01.Project\cic-addin\src\CIC.BIM.Addin.Tools\Services\FormworkService.cs(84,56): warning CS0618: 'ElementId.IntegerValue' is obsolete: 'This property is deprecated in Revit 2024 and may be removed in a future version of Revit. Please use the Value property instead.' [D:\QuocAnh\2026\01.Project\cic-addin\src\CIC.BIM.Addin.Tools\CIC.BIM.Addin.Tools.csproj::TargetFramework=net48]
D:\QuocAnh\2026\01.Project\cic-addin\src\CIC.BIM.Addin.Tools\Services\FormworkExportService.cs(126,13): warning CS0618: 'BuiltInParameterGroup' is obsolete: 'This enumeration is deprecated in Revit 2024 and may be removed in a future version of Revit. Please use members of the `GroupTypeId` class instead.' [D:\QuocAnh\2026\01.Project\cic-addin\src\CIC.BIM.Addin.Tools\CIC.BIM.Addin.Tools.csproj::TargetFramework=net48]
D:\QuocAnh\2026\01.Project\cic-addin\src\CIC.BIM.Addin.Tools\Services\FormworkExportService.cs(122,9): warning CS0618: 'BindingMap.Insert(Definition, Binding, BuiltInParameterGroup)' is obsolete: 'This method is deprecated in Revit 2024 and may be removed in a future version of Revit. Please use the `Insert(Definition, Binding, ForgeTypeId)` method instead.' [D:\QuocAnh\2026\01.Project\cic-addin\src\CIC.BIM.Addin.Tools\CIC.BIM.Addin.Tools.csproj::TargetFramework=net48]
D:\QuocAnh\2026\01.Project\cic-addin\src\CIC.BIM.Addin.Tools\Commands\FormworkCommand.cs(145,68): warning CS0618: 'ElementId.IntegerValue' is obsolete: 'This property is deprecated in Revit 2024 and may be removed in a future version of Revit. Please use the Value property instead.' [D:\QuocAnh\2026\01.Project\cic-addin\src\CIC.BIM.Addin.Tools\CIC.BIM.Addin.Tools.csproj::TargetFramework=net48]
D:\QuocAnh\2026\01.Project\cic-addin\src\CIC.BIM.Addin.Tools\Commands\PlasterCommand.cs(135,35): warning CS0618: 'ElementId.IntegerValue' is obsolete: 'This property is deprecated in Revit 2024 and may be removed in a future version of Revit. Please use the Value property instead.' [D:\QuocAnh\2026\01.Project\cic-addin\src\CIC.BIM.Addin.Tools\CIC.BIM.Addin.Tools.csproj::TargetFramework=net48]
D:\QuocAnh\2026\01.Project\cic-addin\src\CIC.BIM.Addin.Tools\Commands\PlasterCommand.cs(171,45): warning CS0618: 'ElementId.IntegerValue' is obsolete: 'This property is deprecated in Revit 2024 and may be removed in a future version of Revit. Please use the Value property instead.' [D:\QuocAnh\2026\01.Project\cic-addin\src\CIC.BIM.Addin.Tools\CIC.BIM.Addin.Tools.csproj::TargetFramework=net48]
D:\QuocAnh\2026\01.Project\cic-addin\src\CIC.BIM.Addin.Tools\Commands\PlasterCommand.cs(174,39): warning CS0618: 'ElementId.IntegerValue' is obsolete: 'This property is deprecated in Revit 2024 and may be removed in a future version of Revit. Please use the Value property instead.' [D:\QuocAnh\2026\01.Project\cic-addin\src\CIC.BIM.Addin.Tools\CIC.BIM.Addin.Tools.csproj::TargetFramework=net48]
D:\QuocAnh\2026\01.Project\cic-addin\src\CIC.BIM.Addin.Tools\Commands\PlasterCommand.cs(176,61): warning CS0618: 'ElementId.IntegerValue' is obsolete: 'This property is deprecated in Revit 2024 and may be removed in a future version of Revit. Please use the Value property instead.' [D:\QuocAnh\2026\01.Project\cic-addin\src\CIC.BIM.Addin.Tools\CIC.BIM.Addin.Tools.csproj::TargetFramework=net48]
D:\QuocAnh\2026\01.Project\cic-addin\src\CIC.BIM.Addin.Tools\Services\FormworkService.cs(222,53): warning CS0618: 'ElementId.IntegerValue' is obsolete: 'This property is deprecated in Revit 2024 and may be removed in a future version of Revit. Please use the Value property instead.' [D:\QuocAnh\2026\01.Project\cic-addin\src\CIC.BIM.Addin.Tools\CIC.BIM.Addin.Tools.csproj::TargetFramework=net48]
D:\QuocAnh\2026\01.Project\cic-addin\src\CIC.BIM.Addin.Tools\Services\FormworkExportService.cs(262,37): warning CS0618: 'ElementId.IntegerValue' is obsolete: 'This property is deprecated in Revit 2024 and may be removed in a future version of Revit. Please use the Value property instead.' [D:\QuocAnh\2026\01.Project\cic-addin\src\CIC.BIM.Addin.Tools\CIC.BIM.Addin.Tools.csproj::TargetFramework=net48]
D:\QuocAnh\2026\01.Project\cic-addin\src\CIC.BIM.Addin.Tools\Services\FormworkService.cs(396,35): warning CS0618: 'ElementId.IntegerValue' is obsolete: 'This property is deprecated in Revit 2024 and may be removed in a future version of Revit. Please use the Value property instead.' [D:\QuocAnh\2026\01.Project\cic-addin\src\CIC.BIM.Addin.Tools\CIC.BIM.Addin.Tools.csproj::TargetFramework=net48]
D:\QuocAnh\2026\01.Project\cic-addin\src\CIC.BIM.Addin.Tools\Services\FormworkExportService.cs(96,17): error CS0122: 'ParameterType' is inaccessible due to its protection level [D:\QuocAnh\2026\01.Project\cic-addin\src\CIC.BIM.Addin.Tools\CIC.BIM.Addin.Tools.csproj::TargetFramework=net48]
D:\QuocAnh\2026\01.Project\cic-addin\src\CIC.BIM.Addin.Tools\Views\FormworkWindow.xaml.cs(88,38): error CS0176: Member 'Visibility.Visible' cannot be accessed with an instance reference; qualify it with a type name instead [D:\QuocAnh\2026\01.Project\cic-addin\src\CIC.BIM.Addin.Tools\CIC.BIM.Addin.Tools.csproj::TargetFramework=net48]
D:\QuocAnh\2026\01.Project\cic-addin\src\CIC.BIM.Addin.Tools\Views\FormworkWindow.xaml.cs(89,34): error CS0176: Member 'Visibility.Visible' cannot be accessed with an instance reference; qualify it with a type name instead [D:\QuocAnh\2026\01.Project\cic-addin\src\CIC.BIM.Addin.Tools\CIC.BIM.Addin.Tools.csproj::TargetFramework=net48]
D:\QuocAnh\2026\01.Project\cic-addin\src\CIC.BIM.Addin.Tools\Services\FormworkExportService.cs(338,42): error CS1501: No overload for method 'Contains' takes 2 arguments [D:\QuocAnh\2026\01.Project\cic-addin\src\CIC.BIM.Addin.Tools\CIC.BIM.Addin.Tools.csproj::TargetFramework=net48]
D:\QuocAnh\2026\01.Project\cic-addin\src\CIC.BIM.Addin.Tools\Services\FormworkExportService.cs(352,29): error CS1501: No overload for method 'Contains' takes 2 arguments [D:\QuocAnh\2026\01.Project\cic-addin\src\CIC.BIM.Addin.Tools\CIC.BIM.Addin.Tools.csproj::TargetFramework=net48]
    12 Warning(s)
    5 Error(s)

Time Elapsed 00:00:00.39
